[    0.000000] Linux version 4.17.4 (root@Xubuntu16) (gcc version 5.4.0 20160609 (Ubuntu 5.4.0-6ubuntu1~16.04.12)) #2 SMP Mon Sep 25 22:34:16 -03 2023
[    0.000000] Command line: BOOT_IMAGE=/boot/vmlinuz-4.17.4 root=UUID=9c0b1912-3a2e-47a3-84d1-aa774ac5953b ro quiet splash
[    0.000000] KERNEL supported cpus:
[    0.000000]   Intel GenuineIntel
[    0.000000]   AMD AuthenticAMD
[    0.000000]   Centaur CentaurHauls
[    0.000000] x86/fpu: x87 FPU will use FXSAVE
[    0.000000] e820: BIOS-provided physical RAM map:
[    0.000000] BIOS-e820: [mem 0x0000000000000000-0x000000000009fbff] usable
[    0.000000] BIOS-e820: [mem 0x000000000009fc00-0x000000000009ffff] reserved
[    0.000000] BIOS-e820: [mem 0x00000000000f0000-0x00000000000fffff] reserved
[    0.000000] BIOS-e820: [mem 0x0000000000100000-0x000000007ffeffff] usable
[    0.000000] BIOS-e820: [mem 0x000000007fff0000-0x000000007fffffff] ACPI data
[    0.000000] BIOS-e820: [mem 0x00000000fec00000-0x00000000fec00fff] reserved
[    0.000000] BIOS-e820: [mem 0x00000000fee00000-0x00000000fee00fff] reserved
[    0.000000] BIOS-e820: [mem 0x00000000fffc0000-0x00000000ffffffff] reserved
[    0.000000] NX (Execute Disable) protection: active
[    0.000000] SMBIOS 2.5 present.
[    0.000000] DMI: innotek GmbH VirtualBox/VirtualBox, BIOS VirtualBox 12/01/2006
[    0.000000] Hypervisor detected: KVM
[    0.000000] e820: update [mem 0x00000000-0x00000fff] usable ==> reserved
[    0.000000] e820: remove [mem 0x000a0000-0x000fffff] usable
[    0.000000] e820: last_pfn = 0x7fff0 max_arch_pfn = 0x400000000
[    0.000000] MTRR default type: uncachable
[    0.000000] MTRR fixed ranges disabled:
[    0.000000]   00000-FFFFF uncachable
[    0.000000] MTRR variable ranges disabled:
[    0.000000]   0 disabled
[    0.000000]   1 disabled
[    0.000000]   2 disabled
[    0.000000]   3 disabled
[    0.000000]   4 disabled
[    0.000000]   5 disabled
[    0.000000]   6 disabled
[    0.000000]   7 disabled
[    0.000000] MTRR: Disabled
[    0.000000] x86/PAT: MTRRs disabled, skipping PAT initialization too.
[    0.000000] CPU MTRRs all blank - virtualized system.
[    0.000000] x86/PAT: Configuration [0-7]: WB  WT  UC- UC  WB  WT  UC- UC  
[    0.000000] found SMP MP-table at [mem 0x0009fff0-0x0009ffff] mapped at [        (ptrval)]
[    0.000000] Scanning 1 areas for low memory corruption
[    0.000000] Base memory trampoline at [        (ptrval)] 99000 size 24576
[    0.000000] BRK [0x60b49000, 0x60b49fff] PGTABLE
[    0.000000] BRK [0x60b4a000, 0x60b4afff] PGTABLE
[    0.000000] BRK [0x60b4b000, 0x60b4bfff] PGTABLE
[    0.000000] BRK [0x60b4c000, 0x60b4cfff] PGTABLE
[    0.000000] BRK [0x60b4d000, 0x60b4dfff] PGTABLE
[    0.000000] BRK [0x60b4e000, 0x60b4efff] PGTABLE
[    0.000000] RAMDISK: [mem 0x1c792000-0x37feffff]
[    0.000000] ACPI: Early table checksum verification disabled
[    0.000000] ACPI: RSDP 0x00000000000E0000 000024 (v02 VBOX  )
[    0.000000] ACPI: XSDT 0x000000007FFF0030 00003C (v01 VBOX   VBOXXSDT 00000001 ASL  00000061)
[    0.000000] ACPI: FACP 0x000000007FFF00F0 0000F4 (v04 VBOX   VBOXFACP 00000001 ASL  00000061)
[    0.000000] ACPI: DSDT 0x000000007FFF0620 002353 (v02 VBOX   VBOXBIOS 00000002 INTL 20100528)
[    0.000000] ACPI: FACS 0x000000007FFF0200 000040
[    0.000000] ACPI: FACS 0x000000007FFF0200 000040
[    0.000000] ACPI: APIC 0x000000007FFF0240 00006C (v02 VBOX   VBOXAPIC 00000001 ASL  00000061)
[    0.000000] ACPI: SSDT 0x000000007FFF02B0 00036C (v01 VBOX   VBOXCPUT 00000002 INTL 20100528)
[    0.000000] ACPI: Local APIC address 0xfee00000
[    0.000000] No NUMA configuration found
[    0.000000] Faking a node at [mem 0x0000000000000000-0x000000007ffeffff]
[    0.000000] NODE_DATA(0) allocated [mem 0x7ffc5000-0x7ffeffff]
[    0.000000] kvm-clock: cpu 0, msr 0:7ff44001, primary cpu clock
[    0.000000] kvm-clock: Using msrs 4b564d01 and 4b564d00
[    0.000000] kvm-clock: using sched offset of 6898242789920 cycles
[    0.000000] clocksource: kvm-clock: mask: 0xffffffffffffffff max_cycles: 0x1cd42e4dffb, max_idle_ns: 881590591483 ns
[    0.000000] Zone ranges:
[    0.000000]   DMA      [mem 0x0000000000001000-0x0000000000ffffff]
[    0.000000]   DMA32    [mem 0x0000000001000000-0x000000007ffeffff]
[    0.000000]   Normal   empty
[    0.000000]   Device   empty
[    0.000000] Movable zone start for each node
[    0.000000] Early memory node ranges
[    0.000000]   node   0: [mem 0x0000000000001000-0x000000000009efff]
[    0.000000]   node   0: [mem 0x0000000000100000-0x000000007ffeffff]
[    0.000000] Initmem setup node 0 [mem 0x0000000000001000-0x000000007ffeffff]
[    0.000000] On node 0 totalpages: 524174
[    0.000000]   DMA zone: 64 pages used for memmap
[    0.000000]   DMA zone: 21 pages reserved
[    0.000000]   DMA zone: 3998 pages, LIFO batch:0
[    0.000000]   DMA32 zone: 8128 pages used for memmap
[    0.000000]   DMA32 zone: 520176 pages, LIFO batch:31
[    0.000000] Reserved but unavailable: 114 pages
[    0.000000] ACPI: PM-Timer IO Port: 0x4008
[    0.000000] ACPI: Local APIC address 0xfee00000
[    0.000000] IOAPIC[0]: apic_id 4, version 32, address 0xfec00000, GSI 0-23
[    0.000000] ACPI: INT_SRC_OVR (bus 0 bus_irq 0 global_irq 2 dfl dfl)
[    0.000000] ACPI: INT_SRC_OVR (bus 0 bus_irq 9 global_irq 9 low level)
[    0.000000] ACPI: IRQ0 used by override.
[    0.000000] ACPI: IRQ9 used by override.
[    0.000000] Using ACPI (MADT) for SMP configuration information
[    0.000000] smpboot: Allowing 4 CPUs, 0 hotplug CPUs
[    0.000000] PM: Registered nosave memory: [mem 0x00000000-0x00000fff]
[    0.000000] PM: Registered nosave memory: [mem 0x0009f000-0x0009ffff]
[    0.000000] PM: Registered nosave memory: [mem 0x000a0000-0x000effff]
[    0.000000] PM: Registered nosave memory: [mem 0x000f0000-0x000fffff]
[    0.000000] e820: [mem 0x80000000-0xfebfffff] available for PCI devices
[    0.000000] Booting paravirtualized kernel on KVM
[    0.000000] clocksource: refined-jiffies: mask: 0xffffffff max_cycles: 0xffffffff, max_idle_ns: 7645519600211568 ns
[    0.000000] random: get_random_bytes called from start_kernel+0x99/0x578 with crng_init=0
[    0.000000] setup_percpu: NR_CPUS:8192 nr_cpumask_bits:4 nr_cpu_ids:4 nr_node_ids:1
[    0.000000] percpu: Embedded 46 pages/cpu @        (ptrval) s151552 r8192 d28672 u524288
[    0.000000] pcpu-alloc: s151552 r8192 d28672 u524288 alloc=1*2097152
[    0.000000] pcpu-alloc: [0] 0 1 2 3 
[    0.000000] PV qspinlock hash table entries: 256 (order: 0, 4096 bytes)
[    0.000000] Built 1 zonelists, mobility grouping on.  Total pages: 515961
[    0.000000] Policy zone: DMA32
[    0.000000] Kernel command line: BOOT_IMAGE=/boot/vmlinuz-4.17.4 root=UUID=9c0b1912-3a2e-47a3-84d1-aa774ac5953b ro quiet splash
[    0.000000] Calgary: detecting Calgary via BIOS EBDA area
[    0.000000] Calgary: Unable to locate Rio Grande table in EBDA - bailing!
[    0.000000] Memory: 1583432K/2096696K available (12300K kernel code, 2520K rwdata, 4332K rodata, 2428K init, 2384K bss, 513264K reserved, 0K cma-reserved)
[    0.000000] SLUB: HWalign=64, Order=0-3, MinObjects=0, CPUs=4, Nodes=1
[    0.000000] ftrace: allocating 40292 entries in 158 pages
[    0.004000] Hierarchical RCU implementation.
[    0.004000] 	RCU restricting CPUs from NR_CPUS=8192 to nr_cpu_ids=4.
[    0.004000] 	Tasks RCU enabled.
[    0.004000] RCU: Adjusting geometry for rcu_fanout_leaf=16, nr_cpu_ids=4
[    0.004000] NR_IRQS: 524544, nr_irqs: 456, preallocated irqs: 16
[    0.004000] Console: colour VGA+ 80x25
[    0.004000] console [tty0] enabled
[    0.004000] ACPI: Core revision 20180313
[    0.004000] APIC: Switch to symmetric I/O mode setup
[    0.004000] ..TIMER: vector=0x30 apic1=0 pin1=2 apic2=-1 pin2=-1
[    0.004000] tsc: Detected 2419.206 MHz processor
[    0.004000] clocksource: tsc-early: mask: 0xffffffffffffffff max_cycles: 0x22df16ed990, max_idle_ns: 440795329518 ns
[    0.004000] Calibrating delay loop (skipped) preset value.. 4838.41 BogoMIPS (lpj=9676824)
[    0.004000] pid_max: default: 32768 minimum: 301
[    0.004000] Security Framework initialized
[    0.004000] Yama: becoming mindful.
[    0.004000] AppArmor: AppArmor initialized
[    0.004000] Dentry cache hash table entries: 262144 (order: 9, 2097152 bytes)
[    0.004000] Inode-cache hash table entries: 131072 (order: 8, 1048576 bytes)
[    0.004000] Mount-cache hash table entries: 4096 (order: 3, 32768 bytes)
[    0.004000] Mountpoint-cache hash table entries: 4096 (order: 3, 32768 bytes)
[    0.004000] CPU: Physical Processor ID: 0
[    0.004000] CPU: Processor Core ID: 0
[    0.004000] mce: CPU supports 0 MCE banks
[    0.004000] Last level iTLB entries: 4KB 0, 2MB 0, 4MB 0
[    0.004000] Last level dTLB entries: 4KB 0, 2MB 0, 4MB 0, 1GB 0
[    0.004000] Spectre V2 : Mitigation: Full generic retpoline
[    0.004000] Spectre V2 : Spectre v2 mitigation: Filling RSB on context switch
[    0.004000] Speculative Store Bypass: Vulnerable
[    0.004000] Freeing SMP alternatives memory: 36K
[    0.004000] smpboot: CPU0: 11th Gen Intel(R) Core(TM) i5-1135G7 @ 2.40GHz (family: 0x6, model: 0x8c, stepping: 0x1)
[    0.004000] Performance Events: unsupported p6 CPU model 140 no PMU driver, software events only.
[    0.004000] Hierarchical SRCU implementation.
[    0.004000] NMI watchdog: Perf event create on CPU 0 failed with -2
[    0.004000] NMI watchdog: Perf NMI watchdog permanently disabled
[    0.004000] smp: Bringing up secondary CPUs ...
[    0.004000] x86: Booting SMP configuration:
[    0.004000] .... node  #0, CPUs:      #1
[    0.004000] kvm-clock: cpu 1, msr 0:7ff44041, secondary cpu clock
[    0.004000] mce: CPU supports 0 MCE banks
[    0.004000] TSC synchronization [CPU#0 -> CPU#1]:
[    0.004000] Measured 74643 cycles TSC warp between CPUs, turning off TSC clock.
[    0.004000] tsc: Marking TSC unstable due to check_tsc_sync_source failed
[    0.004290]  #2
[    0.004000] kvm-clock: cpu 2, msr 0:7ff44081, secondary cpu clock
[    0.004000] mce: CPU supports 0 MCE banks
[    0.008552]  #3
[    0.004000] kvm-clock: cpu 3, msr 0:7ff440c1, secondary cpu clock
[    0.004000] mce: CPU supports 0 MCE banks
[    0.012577] smp: Brought up 1 node, 4 CPUs
[    0.012577] smpboot: Max logical packages: 1
[    0.012577] smpboot: Total of 4 processors activated (19353.64 BogoMIPS)
[    0.012577] devtmpfs: initialized
[    0.012577] x86/mm: Memory block size: 128MB
[    0.012577] evm: security.selinux
[    0.012577] evm: security.SMACK64
[    0.012577] evm: security.SMACK64EXEC
[    0.012577] evm: security.SMACK64TRANSMUTE
[    0.012577] evm: security.SMACK64MMAP
[    0.012577] evm: security.apparmor
[    0.012577] evm: security.ima
[    0.012577] evm: security.capability
[    0.012577] clocksource: jiffies: mask: 0xffffffff max_cycles: 0xffffffff, max_idle_ns: 7645041785100000 ns
[    0.012577] futex hash table entries: 1024 (order: 4, 65536 bytes)
[    0.012577] pinctrl core: initialized pinctrl subsystem
[    0.016161] RTC time:  1:49:53, date: 09/26/23
[    0.016959] NET: Registered protocol family 16
[    0.017018] audit: initializing netlink subsys (disabled)
[    0.017130] audit: type=2000 audit(1695699899.657:1): state=initialized audit_enabled=0 res=1
[    0.017130] cpuidle: using governor ladder
[    0.017130] cpuidle: using governor menu
[    0.017130] ACPI: bus type PCI registered
[    0.017130] acpiphp: ACPI Hot Plug PCI Controller Driver version: 0.5
[    0.017130] PCI: Using configuration type 1 for base access
[    0.020446] HugeTLB registered 2.00 MiB page size, pre-allocated 0 pages
[    0.024401] ACPI: Added _OSI(Module Device)
[    0.024401] ACPI: Added _OSI(Processor Device)
[    0.024401] ACPI: Added _OSI(3.0 _SCP Extensions)
[    0.024401] ACPI: Added _OSI(Processor Aggregator Device)
[    0.024401] ACPI: Added _OSI(Linux-Dell-Video)
[    0.026192] ACPI: 2 ACPI AML tables successfully acquired and loaded
[    0.029668] ACPI: Interpreter enabled
[    0.029676] ACPI: (supports S0 S5)
[    0.029677] ACPI: Using IOAPIC for interrupt routing
[    0.029980] PCI: Using host bridge windows from ACPI; if necessary, use "pci=nocrs" and report a bug
[    0.030083] ACPI: Enabled 2 GPEs in block 00 to 07
[    0.035295] ACPI: PCI Root Bridge [PCI0] (domain 0000 [bus 00-ff])
[    0.035299] acpi PNP0A03:00: _OSC: OS supports [ASPM ClockPM Segments MSI]
[    0.035886] acpi PNP0A03:00: _OSC: not requesting OS control; OS requires [ExtendedConfig ASPM ClockPM MSI]
[    0.035892] acpi PNP0A03:00: fail to add MMCONFIG information, can't access extended PCI configuration space under this bridge.
[    0.036000] PCI host bridge to bus 0000:00
[    0.036000] pci_bus 0000:00: root bus resource [io  0x0000-0x0cf7 window]
[    0.036000] pci_bus 0000:00: root bus resource [io  0x0d00-0xffff window]
[    0.036000] pci_bus 0000:00: root bus resource [mem 0x000a0000-0x000bffff window]
[    0.036000] pci_bus 0000:00: root bus resource [mem 0x80000000-0xfdffffff window]
[    0.036000] pci_bus 0000:00: root bus resource [bus 00-ff]
[    0.036000] pci 0000:00:00.0: [8086:1237] type 00 class 0x060000
[    0.036540] pci 0000:00:01.0: [8086:7000] type 00 class 0x060100
[    0.038286] pci 0000:00:01.1: [8086:7111] type 00 class 0x01018a
[    0.039319] pci 0000:00:01.1: reg 0x20: [io  0xd000-0xd00f]
[    0.039709] pci 0000:00:01.1: legacy IDE quirk: reg 0x10: [io  0x01f0-0x01f7]
[    0.039710] pci 0000:00:01.1: legacy IDE quirk: reg 0x14: [io  0x03f6]
[    0.039711] pci 0000:00:01.1: legacy IDE quirk: reg 0x18: [io  0x0170-0x0177]
[    0.039712] pci 0000:00:01.1: legacy IDE quirk: reg 0x1c: [io  0x0376]
[    0.040000] pci 0000:00:02.0: [15ad:0405] type 00 class 0x030000
[    0.040389] pci 0000:00:02.0: reg 0x10: [io  0xd010-0xd01f]
[    0.041178] pci 0000:00:02.0: reg 0x14: [mem 0xe0000000-0xe0ffffff pref]
[    0.042071] pci 0000:00:02.0: reg 0x18: [mem 0xf0000000-0xf01fffff]
[    0.045741] pci 0000:00:03.0: [8086:100e] type 00 class 0x020000
[    0.046206] pci 0000:00:03.0: reg 0x10: [mem 0xf0200000-0xf021ffff]
[    0.046586] pci 0000:00:03.0: reg 0x18: [io  0xd020-0xd027]
[    0.048000] pci 0000:00:04.0: [80ee:cafe] type 00 class 0x088000
[    0.048453] pci 0000:00:04.0: reg 0x10: [io  0xd040-0xd05f]
[    0.048839] pci 0000:00:04.0: reg 0x14: [mem 0xf0400000-0xf07fffff]
[    0.049319] pci 0000:00:04.0: reg 0x18: [mem 0xf0800000-0xf0803fff pref]
[    0.051517] pci 0000:00:05.0: [8086:2415] type 00 class 0x040100
[    0.051839] pci 0000:00:05.0: reg 0x10: [io  0xd100-0xd1ff]
[    0.052000] pci 0000:00:05.0: reg 0x14: [io  0xd200-0xd23f]
[    0.052000] pci 0000:00:06.0: [106b:003f] type 00 class 0x0c0310
[    0.052301] pci 0000:00:06.0: reg 0x10: [mem 0xf0804000-0xf0804fff]
[    0.054052] pci 0000:00:07.0: [8086:7113] type 00 class 0x068000
[    0.055097] pci 0000:00:07.0: quirk: [io  0x4000-0x403f] claimed by PIIX4 ACPI
[    0.055122] pci 0000:00:07.0: quirk: [io  0x4100-0x410f] claimed by PIIX4 SMB
[    0.055995] pci 0000:00:0b.0: [8086:265c] type 00 class 0x0c0320
[    0.056000] pci 0000:00:0b.0: reg 0x10: [mem 0xf0805000-0xf0805fff]
[    0.056335] pci 0000:00:0d.0: [8086:2829] type 00 class 0x010601
[    0.056747] pci 0000:00:0d.0: reg 0x10: [io  0xd240-0xd247]
[    0.056930] pci 0000:00:0d.0: reg 0x14: [io  0xd248-0xd24b]
[    0.057113] pci 0000:00:0d.0: reg 0x18: [io  0xd250-0xd257]
[    0.057294] pci 0000:00:0d.0: reg 0x1c: [io  0xd258-0xd25b]
[    0.057484] pci 0000:00:0d.0: reg 0x20: [io  0xd260-0xd26f]
[    0.057703] pci 0000:00:0d.0: reg 0x24: [mem 0xf0806000-0xf0807fff]
[    0.060000] ACPI: PCI Interrupt Link [LNKA] (IRQs 5 9 10 *11)
[    0.060000] ACPI: PCI Interrupt Link [LNKB] (IRQs 5 9 *10 11)
[    0.060000] ACPI: PCI Interrupt Link [LNKC] (IRQs 5 *9 10 11)
[    0.060000] ACPI: PCI Interrupt Link [LNKD] (IRQs 5 9 10 *11)
[    0.060309] pci 0000:00:02.0: vgaarb: setting as boot VGA device
[    0.060309] pci 0000:00:02.0: vgaarb: VGA device added: decodes=io+mem,owns=io+mem,locks=none
[    0.060309] pci 0000:00:02.0: vgaarb: bridge control possible
[    0.060309] vgaarb: loaded
[    0.060309] SCSI subsystem initialized
[    0.060527] libata version 3.00 loaded.
[    0.060527] ACPI: bus type USB registered
[    0.060527] usbcore: registered new interface driver usbfs
[    0.060527] usbcore: registered new interface driver hub
[    0.060527] usbcore: registered new device driver usb
[    0.060527] pps_core: LinuxPPS API ver. 1 registered
[    0.060527] pps_core: Software ver. 5.3.6 - Copyright 2005-2007 Rodolfo Giometti <giometti@linux.it>
[    0.060527] PTP clock support registered
[    0.060527] EDAC MC: Ver: 3.0.0
[    0.060936] PCI: Using ACPI for IRQ routing
[    0.060936] PCI: pci_cache_line_size set to 64 bytes
[    0.064396] e820: reserve RAM buffer [mem 0x0009fc00-0x0009ffff]
[    0.064398] e820: reserve RAM buffer [mem 0x7fff0000-0x7fffffff]
[    0.064494] NetLabel: Initializing
[    0.064494] NetLabel:  domain hash size = 128
[    0.064495] NetLabel:  protocols = UNLABELED CIPSOv4 CALIPSO
[    0.064506] NetLabel:  unlabeled traffic allowed by default
[    0.064641] clocksource: Switched to clocksource kvm-clock
[    0.077759] VFS: Disk quotas dquot_6.6.0
[    0.077772] VFS: Dquot-cache hash table entries: 512 (order 0, 4096 bytes)
[    0.077880] AppArmor: AppArmor Filesystem Enabled
[    0.077921] pnp: PnP ACPI init
[    0.077998] pnp 00:00: Plug and Play ACPI device, IDs PNP0303 (active)
[    0.078063] pnp 00:01: Plug and Play ACPI device, IDs PNP0f03 (active)
[    0.079063] pnp: PnP ACPI: found 2 devices
[    0.084910] clocksource: acpi_pm: mask: 0xffffff max_cycles: 0xffffff, max_idle_ns: 2085701024 ns
[    0.084918] pci_bus 0000:00: resource 4 [io  0x0000-0x0cf7 window]
[    0.084919] pci_bus 0000:00: resource 5 [io  0x0d00-0xffff window]
[    0.084920] pci_bus 0000:00: resource 6 [mem 0x000a0000-0x000bffff window]
[    0.084922] pci_bus 0000:00: resource 7 [mem 0x80000000-0xfdffffff window]
[    0.084965] NET: Registered protocol family 2
[    0.085171] tcp_listen_portaddr_hash hash table entries: 1024 (order: 2, 16384 bytes)
[    0.085176] TCP established hash table entries: 16384 (order: 5, 131072 bytes)
[    0.085191] TCP bind hash table entries: 16384 (order: 6, 262144 bytes)
[    0.085208] TCP: Hash tables configured (established 16384 bind 16384)
[    0.085228] UDP hash table entries: 1024 (order: 3, 32768 bytes)
[    0.085232] UDP-Lite hash table entries: 1024 (order: 3, 32768 bytes)
[    0.085253] NET: Registered protocol family 1
[    0.085260] pci 0000:00:00.0: Limiting direct PCI/PCI transfers
[    0.085318] pci 0000:00:01.0: Activating ISA DMA hang workarounds
[    0.085451] pci 0000:00:02.0: Video device with shadowed ROM at [mem 0x000c0000-0x000dffff]
[    0.088670] PCI: CLS 0 bytes, default 64
[    0.088670] Unpacking initramfs...
[    4.470955] Freeing initrd memory: 450936K
[    4.471317] platform rtc_cmos: registered platform RTC device (no PNP device found)
[    4.471333] Scanning for low memory corruption every 60 seconds
[    4.473203] Initialise system trusted keyrings
[    4.473211] Key type blacklist registered
[    4.473894] workingset: timestamp_bits=36 max_order=19 bucket_order=0
[    4.474650] zbud: loaded
[    4.475313] squashfs: version 4.0 (2009/01/31) Phillip Lougher
[    4.476613] fuse init (API version 7.26)
[    4.477024] pstore: using deflate compression
[    4.511896] Key type asymmetric registered
[    4.511897] Asymmetric key parser 'x509' registered
[    4.511930] Block layer SCSI generic (bsg) driver version 0.4 loaded (major 244)
[    4.512603] io scheduler noop registered
[    4.512604] io scheduler deadline registered
[    4.512635] io scheduler cfq registered (default)
[    4.513476] intel_idle: does not run on family 6 model 140
[    4.513594] ACPI: AC Adapter [AC] (on-line)
[    4.513631] input: Power Button as /devices/LNXSYSTM:00/LNXPWRBN:00/input/input0
[    4.513641] ACPI: Power Button [PWRF]
[    4.513719] input: Sleep Button as /devices/LNXSYSTM:00/LNXSLPBN:00/input/input1
[    4.513723] ACPI: Sleep Button [SLPF]
[    4.515055] Serial: 8250/16550 driver, 32 ports, IRQ sharing enabled
[    4.515847] ACPI: Battery Slot [BAT0] (battery present)
[    4.525080] Linux agpgart interface v0.103
[    4.531607] loop: module loaded
[    4.533027] ata_piix 0000:00:01.1: version 2.13
[    4.535024] scsi host0: ata_piix
[    4.535607] scsi host1: ata_piix
[    4.535628] ata1: PATA max UDMA/33 cmd 0x1f0 ctl 0x3f6 bmdma 0xd000 irq 14
[    4.535629] ata2: PATA max UDMA/33 cmd 0x170 ctl 0x376 bmdma 0xd008 irq 15
[    4.535763] libphy: Fixed MDIO Bus: probed
[    4.535763] tun: Universal TUN/TAP device driver, 1.6
[    4.536071] PPP generic driver version 2.4.2
[    4.536261] ehci_hcd: USB 2.0 'Enhanced' Host Controller (EHCI) Driver
[    4.536264] ehci-pci: EHCI PCI platform driver
[    4.537342] ehci-pci 0000:00:0b.0: EHCI Host Controller
[    4.537346] ehci-pci 0000:00:0b.0: new USB bus registered, assigned bus number 1
[    4.538207] ehci-pci 0000:00:0b.0: irq 19, io mem 0xf0805000
[    4.948190] ehci-pci 0000:00:0b.0: USB 2.0 started, EHCI 1.00
[    4.948683] usb usb1: New USB device found, idVendor=1d6b, idProduct=0002, bcdDevice= 4.17
[    4.948687] usb usb1: New USB device strings: Mfr=3, Product=2, SerialNumber=1
[    4.948691] usb usb1: Product: EHCI Host Controller
[    4.948694] usb usb1: Manufacturer: Linux 4.17.4 ehci_hcd
[    4.948697] usb usb1: SerialNumber: 0000:00:0b.0
[    4.950176] hub 1-0:1.0: USB hub found
[    4.950188] hub 1-0:1.0: 12 ports detected
[    4.951595] ehci-platform: EHCI generic platform driver
[    4.951618] ohci_hcd: USB 1.1 'Open' Host Controller (OHCI) Driver
[    4.951627] ohci-pci: OHCI PCI platform driver
[    4.954619] ohci-pci 0000:00:06.0: OHCI PCI host controller
[    4.954630] ohci-pci 0000:00:06.0: new USB bus registered, assigned bus number 2
[    4.955518] ohci-pci 0000:00:06.0: irq 22, io mem 0xf0804000
[    5.010180] ata2.00: ATAPI: VBOX CD-ROM, 1.0, max UDMA/133
[    5.013659] ata2.00: configured for UDMA/33
[    5.016978] usb usb2: New USB device found, idVendor=1d6b, idProduct=0001, bcdDevice= 4.17
[    5.016980] usb usb2: New USB device strings: Mfr=3, Product=2, SerialNumber=1
[    5.016982] usb usb2: Product: OHCI PCI host controller
[    5.016983] usb usb2: Manufacturer: Linux 4.17.4 ohci_hcd
[    5.016985] usb usb2: SerialNumber: 0000:00:06.0
[    5.016956] scsi 1:0:0:0: CD-ROM            VBOX     CD-ROM           1.0  PQ: 0 ANSI: 5
[    5.017773] hub 2-0:1.0: USB hub found
[    5.017851] hub 2-0:1.0: 12 ports detected
[    5.019028] ohci-platform: OHCI generic platform driver
[    5.019038] uhci_hcd: USB Universal Host Controller Interface driver
[    5.019085] i8042: PNP: PS/2 Controller [PNP0303:PS2K,PNP0f03:PS2M] at 0x60,0x64 irq 1,12
[    5.020217] sr 1:0:0:0: [sr0] scsi3-mmc drive: 32x/32x xa/form2 tray
[    5.020218] cdrom: Uniform CD-ROM driver Revision: 3.20
[    5.020770] sr 1:0:0:0: Attached scsi CD-ROM sr0
[    5.021299] sr 1:0:0:0: Attached scsi generic sg0 type 5
[    5.021945] serio: i8042 KBD port at 0x60,0x64 irq 1
[    5.021950] serio: i8042 AUX port at 0x60,0x64 irq 12
[    5.022979] mousedev: PS/2 mouse device common for all mice
[    5.026255] rtc_cmos rtc_cmos: registered as rtc0
[    5.026274] rtc_cmos rtc_cmos: alarms up to one day, 114 bytes nvram
[    5.026274] i2c /dev entries driver
[    5.026307] device-mapper: uevent: version 1.0.3
[    5.027031] device-mapper: ioctl: 4.39.0-ioctl (2018-04-03) initialised: dm-devel@redhat.com
[    5.027265] input: AT Translated Set 2 keyboard as /devices/platform/i8042/serio0/input/input2
[    5.028920] ledtrig-cpu: registered to indicate activity on CPUs
[    5.032489] NET: Registered protocol family 10
[    5.041422] Segment Routing with IPv6
[    5.041435] NET: Registered protocol family 17
[    5.041906] Key type dns_resolver registered
[    5.043675] RAS: Correctable Errors collector initialized.
[    5.043684] sched_clock: Marking stable (5043642214, 0)->(5251045643, -207403429)
[    5.049899] registered taskstats version 1
[    5.049906] Loading compiled-in X.509 certificates
[    5.056265] Loaded X.509 cert 'Build time autogenerated kernel key: db6388b0ce6a193d6f930c7ccf02dfe99c7100f0'
[    5.056281] zswap: loaded using pool lzo/zbud
[    5.071333] Key type big_key registered
[    5.071335] Key type trusted registered
[    5.074728] Key type encrypted registered
[    5.074730] AppArmor: AppArmor sha1 policy hashing enabled
[    5.074732] ima: No TPM chip found, activating TPM-bypass! (rc=-19)
[    5.074736] ima: Allocated hash algorithm: sha1
[    5.074748] evm: HMAC attrs: 0x1
[    5.074953]   Magic number: 7:862:812
[    5.075391] rtc_cmos rtc_cmos: setting system clock to 2023-09-26 01:49:57 UTC (1695692997)
[    5.078526] Freeing unused kernel memory: 2428K
[    5.105015] Write protecting the kernel read-only data: 20480k
[    5.106796] Freeing unused kernel memory: 2008K
[    5.109955] Freeing unused kernel memory: 1812K
[    5.118499] x86/mm: Checked W+X mappings: passed, no W+X pages found.
[    5.136125] random: systemd-udevd: uninitialized urandom read (16 bytes read)
[    5.136166] random: systemd-udevd: uninitialized urandom read (16 bytes read)
[    5.136172] random: systemd-udevd: uninitialized urandom read (16 bytes read)
[    5.181968] ACPI: Video Device [GFX0] (multi-head: yes  rom: no  post: no)
[    5.182028] input: Video Bus as /devices/LNXSYSTM:00/LNXSYBUS:00/PNP0A03:00/LNXVIDEO:00/input/input4
[    5.185449] ahci 0000:00:0d.0: version 3.0
[    5.186535] ahci 0000:00:0d.0: SSS flag set, parallel bus scan disabled
[    5.187151] ahci 0000:00:0d.0: AHCI 0001.0100 32 slots 1 ports 3 Gbps 0x1 impl SATA mode
[    5.187153] ahci 0000:00:0d.0: flags: 64bit ncq stag only ccc 
[    5.193854] scsi host2: ahci
[    5.193923] ata3: SATA max UDMA/133 abar m8192@0xf0806000 port 0xf0806100 irq 21
[    5.211579] e1000: Intel(R) PRO/1000 Network Driver - version 7.3.21-k8-NAPI
[    5.211580] e1000: Copyright (c) 1999-2006 Intel Corporation.
[    5.425452] input: ImExPS/2 Generic Explorer Mouse as /devices/platform/i8042/serio1/input/input5
[    5.460507] usb 2-1: new full-speed USB device number 2 using ohci-pci
[    5.508846] ata3: SATA link up 3.0 Gbps (SStatus 123 SControl 300)
[    5.509283] ata3.00: ATA-6: VBOX HARDDISK, 1.0, max UDMA/133
[    5.509285] ata3.00: 83886080 sectors, multi 128: LBA48 NCQ (depth 31/32)
[    5.510248] ata3.00: configured for UDMA/133
[    5.510347] scsi 2:0:0:0: Direct-Access     ATA      VBOX HARDDISK    1.0  PQ: 0 ANSI: 5
[    5.510492] sd 2:0:0:0: [sda] 83886080 512-byte logical blocks: (42.9 GB/40.0 GiB)
[    5.510498] sd 2:0:0:0: [sda] Write Protect is off
[    5.510500] sd 2:0:0:0: [sda] Mode Sense: 00 3a 00 00
[    5.510509] sd 2:0:0:0: [sda] Write cache: enabled, read cache: enabled, doesn't support DPO or FUA
[    5.510730] sd 2:0:0:0: Attached scsi generic sg1 type 0
[    5.517035]  sda: sda1 sda2 < sda5 >
[    5.517200] sd 2:0:0:0: [sda] Attached SCSI disk
[    5.795400] usb 2-1: New USB device found, idVendor=80ee, idProduct=0021, bcdDevice= 1.00
[    5.795402] usb 2-1: New USB device strings: Mfr=1, Product=3, SerialNumber=0
[    5.795403] usb 2-1: Product: USB Tablet
[    5.795404] usb 2-1: Manufacturer: VirtualBox
[    5.808398] hidraw: raw HID events driver (C) Jiri Kosina
[    5.827847] usbcore: registered new interface driver usbhid
[    5.827848] usbhid: USB HID core driver
[    5.831705] input: VirtualBox USB Tablet as /devices/pci0000:00/0000:00:06.0/usb2/2-1/2-1:1.0/0003:80EE:0021.0001/input/input6
[    5.835427] hid-generic 0003:80EE:0021.0001: input,hidraw0: USB HID v1.10 Mouse [VirtualBox USB Tablet] on usb-0000:00:06.0-1/input0
[    5.856472] e1000 0000:00:03.0 eth0: (PCI:33MHz:32-bit) 08:00:27:96:7f:6a
[    5.856477] e1000 0000:00:03.0 eth0: Intel(R) PRO/1000 Network Connection
[    5.858329] e1000 0000:00:03.0 enp0s3: renamed from eth0
[    5.858582] [drm] DMA map mode: Using physical TTM page addresses.
[    5.858818] [drm] Capabilities:
[    5.858818] [drm]   Rect copy.
[    5.858819] [drm]   Cursor.
[    5.858819] [drm]   Cursor bypass.
[    5.858819] [drm]   Cursor bypass 2.
[    5.858820] [drm]   Alpha cursor.
[    5.858820] [drm]   Extended Fifo.
[    5.858821] [drm]   Pitchlock.
[    5.858821] [drm]   Irq mask.
[    5.858822] [drm]   GMR.
[    5.858822] [drm]   Traces.
[    5.858822] [drm]   GMR2.
[    5.858823] [drm]   Screen Object 2.
[    5.858823] [drm]   Command Buffers.
[    5.858824] [drm] Max GMR ids is 8192
[    5.858824] [drm] Max number of GMR pages is 1048576
[    5.858825] [drm] Max dedicated hypervisor surface memory is 507904 kiB
[    5.858825] [drm] Maximum display memory size is 16384 kiB
[    5.858826] [drm] VRAM at 0xe0000000 size is 16384 kiB
[    5.858827] [drm] MMIO at 0xf0000000 size is 2048 kiB
[    5.858828] [drm] global init.
[    5.859319] [TTM] Zone  kernel: Available graphics memory: 1020326 kiB
[    5.859320] [TTM] Initializing pool allocator
[    5.859322] [TTM] Initializing DMA pool allocator
[    5.859903] [drm] Supports vblank timestamp caching Rev 2 (21.10.2013).
[    5.859904] [drm] No driver support for vblank timestamp query.
[    5.862504] [drm] Screen Objects Display Unit initialized
[    5.862551] [drm] width 720
[    5.862586] [drm] height 400
[    5.862612] [drm] bpp 32
[    5.862880] [drm] Fifo max 0x00200000 min 0x00001000 cap 0x00000355
[    5.863012] [drm] Using command buffers with DMA pool.
[    5.863020] [drm] DX: no.
[    5.863021] [drm] Atomic: yes
[    5.863048] [drm:vmw_host_log [vmwgfx]] *ERROR* Failed to send log
[    5.865423] [drm:vmw_host_log [vmwgfx]] *ERROR* Failed to send log
[    5.869239] fbcon: svgadrmfb (fb0) is primary device
[    5.903018] Console: switching to colour frame buffer device 100x37
[    5.903736] [drm] Initialized vmwgfx 2.14.1 20180322 for 0000:00:02.0 on minor 0
[    5.998697] random: fast init done
[    6.005638] EXT4-fs (sda1): mounted filesystem with ordered data mode. Opts: (null)
[    6.330960] systemd[1]: systemd 229 running in system mode. (+PAM +AUDIT +SELINUX +IMA +APPARMOR +SMACK +SYSVINIT +UTMP +LIBCRYPTSETUP +GCRYPT +GNUTLS +ACL +XZ -LZ4 +SECCOMP +BLKID +ELFUTILS +KMOD -IDN)
[    6.330990] systemd[1]: Detected virtualization oracle.
[    6.330993] systemd[1]: Detected architecture x86-64.
[    6.331566] systemd[1]: Set hostname to <Xubuntu16>.
[    6.538426] systemd[1]: Listening on udev Kernel Socket.
[    6.538512] systemd[1]: Created slice System Slice.
[    6.538546] systemd[1]: Created slice User and Session Slice.
[    6.538550] systemd[1]: Reached target Slices.
[    6.538575] systemd[1]: Started Trigger resolvconf update for networkd DNS.
[    6.538579] systemd[1]: Reached target User and Group Name Lookups.
[    6.710213] lp: driver loaded but no devices found
[    6.737058] ppdev: user-space parallel port driver
[    6.778587] EXT4-fs (sda1): re-mounted. Opts: errors=remount-ro
[    6.854348] systemd-journald[265]: Received request to flush runtime journal from PID 1
[    7.031263] piix4_smbus 0000:00:07.0: SMBus Host Controller at 0x4100, revision 0
[    7.187518] vboxguest: loading out-of-tree module taints kernel.
[    7.194151] vboxguest: module verification failed: signature and/or required key missing - tainting kernel
[    7.204635] vgdrvHeartbeatInit: Setting up heartbeat to trigger every 2000 milliseconds
[    7.205370] Host supports full mouse state reporting, switching to extended mouse integration protocol
[    7.205419] input: VirtualBox mouse integration as /devices/pci0000:00/0000:00:04.0/input/input7
[    7.209518] vboxguest: Successfully loaded version 7.0.10 r158379
[    7.209585] vboxguest: misc device minor 55, IRQ 20, I/O port d040, MMIO at 00000000f0400000 (size 0x400000)
[    7.209586] vboxguest: Successfully loaded version 7.0.10 r158379 (interface 0x00010004)
[    7.223421] cryptd: max_cpu_qlen set to 1000
[    7.403551] SSE version of gcm_enc/dec engaged.
[    7.709285] snd_intel8x0 0000:00:05.0: white list rate for 1028:0177 is 48000
[    7.798815] Adding 998396k swap on /dev/sda5.  Priority:-2 extents:1 across:998396k FS
[    7.848211] audit: type=1400 audit(1695693000.268:2): apparmor="STATUS" operation="profile_load" profile="unconfined" name="/usr/lib/snapd/snap-confine" pid=618 comm="apparmor_parser"
[    7.848214] audit: type=1400 audit(1695693000.268:3): apparmor="STATUS" operation="profile_load" profile="unconfined" name="/usr/lib/snapd/snap-confine//mount-namespace-capture-helper" pid=618 comm="apparmor_parser"
[    7.855085] audit: type=1400 audit(1695693000.276:4): apparmor="STATUS" operation="profile_load" profile="unconfined" name="/usr/lib/lightdm/lightdm-guest-session" pid=614 comm="apparmor_parser"
[    7.855087] audit: type=1400 audit(1695693000.276:5): apparmor="STATUS" operation="profile_load" profile="unconfined" name="/usr/lib/lightdm/lightdm-guest-session//chromium" pid=614 comm="apparmor_parser"
[    7.901066] audit: type=1400 audit(1695693000.324:6): apparmor="STATUS" operation="profile_load" profile="unconfined" name="/sbin/dhclient" pid=615 comm="apparmor_parser"
[    7.901069] audit: type=1400 audit(1695693000.324:7): apparmor="STATUS" operation="profile_load" profile="unconfined" name="/usr/lib/NetworkManager/nm-dhcp-client.action" pid=615 comm="apparmor_parser"
[    7.901071] audit: type=1400 audit(1695693000.324:8): apparmor="STATUS" operation="profile_load" profile="unconfined" name="/usr/lib/NetworkManager/nm-dhcp-helper" pid=615 comm="apparmor_parser"
[    7.901072] audit: type=1400 audit(1695693000.324:9): apparmor="STATUS" operation="profile_load" profile="unconfined" name="/usr/lib/connman/scripts/dhclient-script" pid=615 comm="apparmor_parser"
[    7.905653] audit: type=1400 audit(1695693000.328:10): apparmor="STATUS" operation="profile_load" profile="unconfined" name="/usr/sbin/cups-browsed" pid=619 comm="apparmor_parser"
[    7.907870] audit: type=1400 audit(1695693000.328:11): apparmor="STATUS" operation="profile_load" profile="unconfined" name="/usr/sbin/ippusbxd" pid=622 comm="apparmor_parser"
[    7.965221] random: crng init done
[    7.965222] random: 7 urandom warning(s) missed due to ratelimiting
[    8.958730] 01:50:01.383442 main     VBoxService 7.0.10 r158379 (verbosity: 0) linux.amd64 (Jul 12 2023 20:36:16) release log
               01:50:01.383444 main     Log opened 2023-09-26T01:50:01.383436000Z
[    8.958776] 01:50:01.383524 main     OS Product: Linux
[    8.958811] 01:50:01.383560 main     OS Release: 4.17.4
[    8.958846] 01:50:01.383595 main     OS Version: #2 SMP Mon Sep 25 22:34:16 -03 2023
[    8.958913] 01:50:01.383630 main     Executable: /opt/VBoxGuestAdditions-7.0.10/sbin/VBoxService
               01:50:01.383631 main     Process ID: 989
               01:50:01.383631 main     Package type: LINUX_64BITS_GENERIC
[    8.962005] 01:50:01.386732 main     7.0.10 r158379 started. Verbose level = 0
[    8.962839] 01:50:01.387563 main     vbglR3GuestCtrlDetectPeekGetCancelSupport: Supported (#1)
[    8.973526] 01:50:01.398209 vminfo   Error: Unable to connect to system D-Bus (1/3): D-Bus not installed
[    9.073689] IPv6: ADDRCONF(NETDEV_UP): enp0s3: link is not ready
[    9.086930] e1000: enp0s3 NIC Link is Up 1000 Mbps Full Duplex, Flow Control: RX
[    9.092402] IPv6: ADDRCONF(NETDEV_UP): enp0s3: link is not ready
[    9.092365] IPv6: ADDRCONF(NETDEV_CHANGE): enp0s3: link becomes ready
[   13.974673] 01:50:06.401546 vminfo   Error: Unable to connect to system D-Bus (2/3): D-Bus not installed
[   19.004223] 01:50:11.433526 vminfo   Error: Unable to connect to system D-Bus (3/3): D-Bus not installed
[  105.703646] HELLO WORLD MARCO TULIO DO KERNEL
